******************************************************************************
                  TI ARM Linker PC v20.2.7                     
******************************************************************************
>> Linked Wed Mar 11 22:06:41 2026

OUTPUT FILE NAME:   <final_project_template.out>
ENTRY POINT SYMBOL: "_c_int00_noargs"  address: 00000b8d


MEMORY CONFIGURATION

         name            origin    length      used     unused   attr    fill
----------------------  --------  ---------  --------  --------  ----  --------
  MAIN                  00000000   00040000  00000cb4  0003f34c  R  X
  INFO                  00200000   00004000  00000000  00004000  R  X
  SRAM_CODE             01000000   00010000  0000021e  0000fde2  RW X
  SRAM_DATA             20000000   00010000  0000021e  0000fde2  RW  


SEGMENT ALLOCATION MAP

run origin  load origin   length   init length attrs members
----------  ----------- ---------- ----------- ----- -------
00000000    00000000    00000cb8   00000cb8    r-x
  00000000    00000000    000000e4   000000e4    r-- .intvecs
  000000e4    000000e4    00000bb0   00000bb0    r-x .text
  00000c98    00000c98    00000020   00000020    r-- .cinit
20000000    20000000    0000001e   00000000    rw-
  20000000    20000000    0000001e   00000000    rw- .data
2000fe00    2000fe00    00000200   00000000    rw-
  2000fe00    2000fe00    00000200   00000000    rw- .stack


SECTION ALLOCATION MAP

 output                                  attributes/
section   page    origin      length       input sections
--------  ----  ----------  ----------   ----------------
.intvecs   0    00000000    000000e4     
                  00000000    000000e4     startup_msp432p401r_ccs.obj (.intvecs:retain)

.text      0    000000e4    00000bb0     
                  000000e4    00000334     system_msp432p401r.obj (.text)
                  00000418    00000180     clock.obj (.text)
                  00000598    00000154     main.obj (.text)
                  000006ec    0000011c     line_follow.obj (.text)
                  00000808    00000108     motor_control.obj (.text)
                  00000910    0000009c     rtsv7M4_T_le_v4SPD16_eabi.lib : memcpy_t2.asm.obj (.text)
                  000009ac    00000068                                   : copy_decompress_lzss.c.obj (.text:decompress:lzss:__TI_decompress_lzss)
                  00000a14    00000064     bumper_init.obj (.text)
                  00000a78    0000004c     motor_init.obj (.text)
                  00000ac4    00000044     rtsv7M4_T_le_v4SPD16_eabi.lib : autoinit.c.obj (.text:__TI_auto_init_nobinit_nopinit:__TI_auto_init_nobinit_nopinit)
                  00000b08    00000044     reflectance_init.obj (.text)
                  00000b4c    00000040     reflectance.obj (.text)
                  00000b8c    00000034     rtsv7M4_T_le_v4SPD16_eabi.lib : boot_cortex_m.c.obj (.text:_c_int00_noargs:_c_int00_noargs)
                  00000bc0    00000034     timer_init.obj (.text)
                  00000bf4    00000028     systick.obj (.text)
                  00000c1c    00000020     button_init.obj (.text)
                  00000c3c    0000001c     bumper.obj (.text)
                  00000c58    00000018     check_button.obj (.text)
                  00000c70    0000000e     rtsv7M4_T_le_v4SPD16_eabi.lib : copy_decompress_none.c.obj (.text:decompress:none:__TI_decompress_none)
                  00000c7e    0000000e     startup_msp432p401r_ccs.obj (.text)
                  00000c8c    00000004     rtsv7M4_T_le_v4SPD16_eabi.lib : pre_init.c.obj (.text:_system_pre_init)
                  00000c90    00000004                                   : exit.c.obj (.text:abort:abort)

.cinit     0    00000c98    00000020     
                  00000c98    0000000d     (.cinit..data.load) [load image, compression = lzss]
                  00000ca5    00000003     --HOLE-- [fill = 0]
                  00000ca8    00000008     (__TI_handler_table)
                  00000cb0    00000008     (__TI_cinit_table)

.init_array 
*          0    00000000    00000000     UNINITIALIZED

.binit     0    00000000    00000000     

.data      0    20000000    0000001e     UNINITIALIZED
                  20000000    00000018     clock.obj (.data)
                  20000018    00000004     system_msp432p401r.obj (.data)
                  2000001c    00000002     main.obj (.data)

.stack     0    2000fe00    00000200     UNINITIALIZED
                  2000fe00    00000004     rtsv7M4_T_le_v4SPD16_eabi.lib : boot_cortex_m.c.obj (.stack)
                  2000fe04    000001fc     --HOLE--

__llvm_prf_cnts 
*          0    20000000    00000000     UNINITIALIZED

MODULE SUMMARY

       Module                        code   ro data   rw data
       ------                        ----   -------   -------
    .\
       system_msp432p401r.obj        820    0         8      
       main.obj                      340    0         4      
       startup_msp432p401r_ccs.obj   14     228       0      
    +--+-----------------------------+------+---------+---------+
       Total:                        1174   228       12     
                                                             
    .\code\
       line_follow.obj               284    0         0      
       motor_control.obj             264    0         0      
       bumper_init.obj               100    0         0      
       motor_init.obj                76     0         0      
       reflectance_init.obj          68     0         0      
       reflectance.obj               64     0         0      
       timer_init.obj                52     0         0      
       systick.obj                   40     0         0      
       button_init.obj               32     0         0      
       bumper.obj                    28     0         0      
       check_button.obj              24     0         0      
    +--+-----------------------------+------+---------+---------+
       Total:                        1032   0         0      
                                                             
    .\inc\
       clock.obj                     384    0         48     
    +--+-----------------------------+------+---------+---------+
       Total:                        384    0         48     
                                                             
    C:\ti\ccs1281\ccs\tools\compiler\ti-cgt-arm_20.2.7.LTS\lib\rtsv7M4_T_le_v4SPD16_eabi.lib
       memcpy_t2.asm.obj             156    0         0      
       copy_decompress_lzss.c.obj    104    0         0      
       autoinit.c.obj                68     0         0      
       boot_cortex_m.c.obj           52     0         0      
       copy_decompress_none.c.obj    14     0         0      
       exit.c.obj                    4      0         0      
       pre_init.c.obj                4      0         0      
    +--+-----------------------------+------+---------+---------+
       Total:                        402    0         0      
                                                             
       Stack:                        0      0         1024   
       Linker Generated:             0      29        0      
    +--+-----------------------------+------+---------+---------+
       Grand Total:                  2992   257       1084   


LINKER GENERATED COPY TABLES

__TI_cinit_table @ 00000cb0 records: 1, size/record: 8, table size: 8
	.data: load addr=00000c98, load size=0000000d bytes, run addr=20000000, run size=0000001e bytes, compression=lzss


LINKER GENERATED HANDLER TABLE

__TI_handler_table @ 00000ca8 records: 2, size/record: 4, table size: 8
	index: 0, handler: __TI_decompress_lzss
	index: 1, handler: __TI_decompress_none


GLOBAL SYMBOLS: SORTED ALPHABETICALLY BY Name 

address   name                          
-------   ----                          
00000c8b  ADC14_IRQHandler              
00000c8b  AES256_IRQHandler             
00000c8b  BusFault_Handler              
00000c91  C$$EXIT                       
00000c8b  COMP_E0_IRQHandler            
00000c8b  COMP_E1_IRQHandler            
20000008  CPMwait                       
00000c8b  CS_IRQHandler                 
20000000  ClockFrequency                
0000052f  Clock_GetFreq                 
00000419  Clock_Init48MHz               
20000014  Crystalstable                 
00000c8b  DMA_ERR_IRQHandler            
00000c8b  DMA_INT0_IRQHandler           
00000c8b  DMA_INT1_IRQHandler           
00000c8b  DMA_INT2_IRQHandler           
00000c8b  DMA_INT3_IRQHandler           
00000c8b  DebugMon_Handler              
00000c8b  Default_Handler               
00000c8b  EUSCIA0_IRQHandler            
00000c8b  EUSCIA1_IRQHandler            
00000c8b  EUSCIA2_IRQHandler            
00000c8b  EUSCIA3_IRQHandler            
00000c8b  EUSCIB0_IRQHandler            
00000c8b  EUSCIB1_IRQHandler            
00000c8b  EUSCIB2_IRQHandler            
00000c8b  EUSCIB3_IRQHandler            
00000c8b  FLCTL_IRQHandler              
00000c8b  FPU_IRQHandler                
00000c8b  HardFault_Handler             
20000010  IFlags                        
00000c8b  MemManage_Handler             
00000c8b  NMI_Handler                   
00000c8b  PCM_IRQHandler                
00000c8b  PORT1_IRQHandler              
00000c8b  PORT2_IRQHandler              
00000c8b  PORT3_IRQHandler              
00000c3d  PORT4_IRQHandler              
00000c3d  PORT4_IRQHandler              
00000c8b  PORT5_IRQHandler              
00000c8b  PORT6_IRQHandler              
00000c8b  PSS_IRQHandler                
00000c8b  PendSV_Handler                
2000000c  Postwait                      
20000004  Prewait                       
00000c8b  RTC_C_IRQHandler              
00000c7f  Reset_Handler                 
00000c8b  SVC_Handler                   
00000c8b  SysTick_Handler               
00000bf5  SysTick_wait                  
20000018  SystemCoreClock               
000000e5  SystemCoreClockUpdate         
0000035d  SystemInit                    
00000c8b  T32_INT1_IRQHandler           
00000c8b  T32_INT2_IRQHandler           
00000c8b  T32_INTC_IRQHandler           
00000c8b  TA0_0_IRQHandler              
00000c8b  TA0_N_IRQHandler              
00000c8b  TA1_0_IRQHandler              
00000c8b  TA1_N_IRQHandler              
00000c8b  TA2_0_IRQHandler              
00000c8b  TA2_N_IRQHandler              
00000c8b  TA3_0_IRQHandler              
00000c8b  TA3_N_IRQHandler              
00000c8b  UsageFault_Handler            
4000480c  WDTCTL_SYM                    
00000c8b  WDT_A_IRQHandler              
20010000  __STACK_END                   
00000200  __STACK_SIZE                  
00000cb0  __TI_CINIT_Base               
00000cb8  __TI_CINIT_Limit              
00000ca8  __TI_Handler_Table_Base       
00000cb0  __TI_Handler_Table_Limit      
00000ac5  __TI_auto_init_nobinit_nopinit
000009ad  __TI_decompress_lzss          
00000c71  __TI_decompress_none          
ffffffff  __TI_pprof_out_hndl           
ffffffff  __TI_prof_data_size           
ffffffff  __TI_prof_data_start          
00000000  __TI_static_base__            
00000911  __aeabi_memcpy                
00000911  __aeabi_memcpy4               
00000911  __aeabi_memcpy8               
ffffffff  __binit__                     
ffffffff  __c_args__                    
UNDEFED   __mpu_init                    
2000fe00  __stack                       
20000000  __start___llvm_prf_cnts       
20000000  __stop___llvm_prf_cnts        
00000b8d  _c_int00_noargs               
UNDEFED   _system_post_cinit            
00000c8d  _system_pre_init              
00000c91  abort                         
000007e3  anyLineDetected               
ffffffff  binit                         
00000a15  bumper_init                   
00000c59  buttonPressed                 
00000c1d  button_init                   
0000082f  driveBackward                 
00000809  driveForward                  
00000855  driveLeft                     
0000087b  driveRight                    
000008a1  driveStop                     
000006ed  followLine                    
00000000  interruptVectors              
000007cb  lineDetectedRight             
00000599  main                          
00000911  memcpy                        
00000a79  motor_init                    
00000b4d  reflectanceRead               
00000b09  reflectance_init              
2000001d  searchSteps                   
2000001c  state                         
00000bc1  timer_init                    
000008dd  turnLeft                      
000008b9  turnRight                     


GLOBAL SYMBOLS: SORTED BY Symbol Address 

address   name                          
-------   ----                          
00000000  __TI_static_base__            
00000000  interruptVectors              
000000e5  SystemCoreClockUpdate         
00000200  __STACK_SIZE                  
0000035d  SystemInit                    
00000419  Clock_Init48MHz               
0000052f  Clock_GetFreq                 
00000599  main                          
000006ed  followLine                    
000007cb  lineDetectedRight             
000007e3  anyLineDetected               
00000809  driveForward                  
0000082f  driveBackward                 
00000855  driveLeft                     
0000087b  driveRight                    
000008a1  driveStop                     
000008b9  turnRight                     
000008dd  turnLeft                      
00000911  __aeabi_memcpy                
00000911  __aeabi_memcpy4               
00000911  __aeabi_memcpy8               
00000911  memcpy                        
000009ad  __TI_decompress_lzss          
00000a15  bumper_init                   
00000a79  motor_init                    
00000ac5  __TI_auto_init_nobinit_nopinit
00000b09  reflectance_init              
00000b4d  reflectanceRead               
00000b8d  _c_int00_noargs               
00000bc1  timer_init                    
00000bf5  SysTick_wait                  
00000c1d  button_init                   
00000c3d  PORT4_IRQHandler              
00000c3d  PORT4_IRQHandler              
00000c59  buttonPressed                 
00000c71  __TI_decompress_none          
00000c7f  Reset_Handler                 
00000c8b  ADC14_IRQHandler              
00000c8b  AES256_IRQHandler             
00000c8b  BusFault_Handler              
00000c8b  COMP_E0_IRQHandler            
00000c8b  COMP_E1_IRQHandler            
00000c8b  CS_IRQHandler                 
00000c8b  DMA_ERR_IRQHandler            
00000c8b  DMA_INT0_IRQHandler           
00000c8b  DMA_INT1_IRQHandler           
00000c8b  DMA_INT2_IRQHandler           
00000c8b  DMA_INT3_IRQHandler           
00000c8b  DebugMon_Handler              
00000c8b  Default_Handler               
00000c8b  EUSCIA0_IRQHandler            
00000c8b  EUSCIA1_IRQHandler            
00000c8b  EUSCIA2_IRQHandler            
00000c8b  EUSCIA3_IRQHandler            
00000c8b  EUSCIB0_IRQHandler            
00000c8b  EUSCIB1_IRQHandler            
00000c8b  EUSCIB2_IRQHandler            
00000c8b  EUSCIB3_IRQHandler            
00000c8b  FLCTL_IRQHandler              
00000c8b  FPU_IRQHandler                
00000c8b  HardFault_Handler             
00000c8b  MemManage_Handler             
00000c8b  NMI_Handler                   
00000c8b  PCM_IRQHandler                
00000c8b  PORT1_IRQHandler              
00000c8b  PORT2_IRQHandler              
00000c8b  PORT3_IRQHandler              
00000c8b  PORT5_IRQHandler              
00000c8b  PORT6_IRQHandler              
00000c8b  PSS_IRQHandler                
00000c8b  PendSV_Handler                
00000c8b  RTC_C_IRQHandler              
00000c8b  SVC_Handler                   
00000c8b  SysTick_Handler               
00000c8b  T32_INT1_IRQHandler           
00000c8b  T32_INT2_IRQHandler           
00000c8b  T32_INTC_IRQHandler           
00000c8b  TA0_0_IRQHandler              
00000c8b  TA0_N_IRQHandler              
00000c8b  TA1_0_IRQHandler              
00000c8b  TA1_N_IRQHandler              
00000c8b  TA2_0_IRQHandler              
00000c8b  TA2_N_IRQHandler              
00000c8b  TA3_0_IRQHandler              
00000c8b  TA3_N_IRQHandler              
00000c8b  UsageFault_Handler            
00000c8b  WDT_A_IRQHandler              
00000c8d  _system_pre_init              
00000c91  C$$EXIT                       
00000c91  abort                         
00000ca8  __TI_Handler_Table_Base       
00000cb0  __TI_CINIT_Base               
00000cb0  __TI_Handler_Table_Limit      
00000cb8  __TI_CINIT_Limit              
20000000  ClockFrequency                
20000000  __start___llvm_prf_cnts       
20000000  __stop___llvm_prf_cnts        
20000004  Prewait                       
20000008  CPMwait                       
2000000c  Postwait                      
20000010  IFlags                        
20000014  Crystalstable                 
20000018  SystemCoreClock               
2000001c  state                         
2000001d  searchSteps                   
2000fe00  __stack                       
20010000  __STACK_END                   
4000480c  WDTCTL_SYM                    
ffffffff  __TI_pprof_out_hndl           
ffffffff  __TI_prof_data_size           
ffffffff  __TI_prof_data_start          
ffffffff  __binit__                     
ffffffff  __c_args__                    
ffffffff  binit                         
UNDEFED   __mpu_init                    
UNDEFED   _system_post_cinit            

[116 symbols]
